Archive member included to satisfy reference by file (symbol)

c:/nxp/mcuxpressoide_11.0.0_2516/ide/plugins/com.nxp.mcuxpresso.tools.win32_11.0.0.201905131304/tools/bin/../lib/gcc/arm-none-eabi/8.2.1/../../../../arm-none-eabi/lib/thumb/v6-m/nofp\libcr_semihost_nf.a(_cr__main.o)
                              ./debug/startup_mkl25z4.o (__main)
c:/nxp/mcuxpressoide_11.0.0_2516/ide/plugins/com.nxp.mcuxpresso.tools.win32_11.0.0.201905131304/tools/bin/../lib/gcc/arm-none-eabi/8.2.1/../../../../arm-none-eabi/lib/thumb/v6-m/nofp\libcr_c.a(memcpy.o)
                              ./debug/fsl_flash.o (memcpy)
c:/nxp/mcuxpressoide_11.0.0_2516/ide/plugins/com.nxp.mcuxpresso.tools.win32_11.0.0.201905131304/tools/bin/../lib/gcc/arm-none-eabi/8.2.1/../../../../arm-none-eabi/lib/thumb/v6-m/nofp\libcr_c.a(memset.o)
                              ./debug/fsl_flash.o (memset)
c:/nxp/mcuxpressoide_11.0.0_2516/ide/plugins/com.nxp.mcuxpresso.tools.win32_11.0.0.201905131304/tools/bin/../lib/gcc/arm-none-eabi/8.2.1/../../../../arm-none-eabi/lib/thumb/v6-m/nofp\libcr_c.a(initio.o)
                              c:/nxp/mcuxpressoide_11.0.0_2516/ide/plugins/com.nxp.mcuxpresso.tools.win32_11.0.0.201905131304/tools/bin/../lib/gcc/arm-none-eabi/8.2.1/../../../../arm-none-eabi/lib/thumb/v6-m/nofp\libcr_semihost_nf.a(_cr__main.o) (_initio)
c:/nxp/mcuxpressoide_11.0.0_2516/ide/plugins/com.nxp.mcuxpresso.tools.win32_11.0.0.201905131304/tools/bin/../lib/gcc/arm-none-eabi/8.2.1/../../../../arm-none-eabi/lib/thumb/v6-m/nofp\libcr_c.a(setvbuf.o)
                              c:/nxp/mcuxpressoide_11.0.0_2516/ide/plugins/com.nxp.mcuxpresso.tools.win32_11.0.0.201905131304/tools/bin/../lib/gcc/arm-none-eabi/8.2.1/../../../../arm-none-eabi/lib/thumb/v6-m/nofp\libcr_c.a(initio.o) (setvbuf)
c:/nxp/mcuxpressoide_11.0.0_2516/ide/plugins/com.nxp.mcuxpresso.tools.win32_11.0.0.201905131304/tools/bin/../lib/gcc/arm-none-eabi/8.2.1/../../../../arm-none-eabi/lib/thumb/v6-m/nofp\libcr_c.a(strlen.o)
                              ./debug/fsl_debug_console.o (strlen)
c:/nxp/mcuxpressoide_11.0.0_2516/ide/plugins/com.nxp.mcuxpresso.tools.win32_11.0.0.201905131304/tools/bin/../lib/gcc/arm-none-eabi/8.2.1/../../../../arm-none-eabi/lib/thumb/v6-m/nofp\libcr_c.a(_fdopen.o)
                              c:/nxp/mcuxpressoide_11.0.0_2516/ide/plugins/com.nxp.mcuxpresso.tools.win32_11.0.0.201905131304/tools/bin/../lib/gcc/arm-none-eabi/8.2.1/../../../../arm-none-eabi/lib/thumb/v6-m/nofp\libcr_c.a(initio.o) (_fdopen)
c:/nxp/mcuxpressoide_11.0.0_2516/ide/plugins/com.nxp.mcuxpresso.tools.win32_11.0.0.201905131304/tools/bin/../lib/gcc/arm-none-eabi/8.2.1/../../../../arm-none-eabi/lib/thumb/v6-m/nofp\libcr_c.a(fclose.o)
                              c:/nxp/mcuxpressoide_11.0.0_2516/ide/plugins/com.nxp.mcuxpresso.tools.win32_11.0.0.201905131304/tools/bin/../lib/gcc/arm-none-eabi/8.2.1/../../../../arm-none-eabi/lib/thumb/v6-m/nofp\libcr_c.a(initio.o) (fclose)
c:/nxp/mcuxpressoide_11.0.0_2516/ide/plugins/com.nxp.mcuxpresso.tools.win32_11.0.0.201905131304/tools/bin/../lib/gcc/arm-none-eabi/8.2.1/../../../../arm-none-eabi/lib/thumb/v6-m/nofp\libcr_c.a(fflush.o)
                              c:/nxp/mcuxpressoide_11.0.0_2516/ide/plugins/com.nxp.mcuxpresso.tools.win32_11.0.0.201905131304/tools/bin/../lib/gcc/arm-none-eabi/8.2.1/../../../../arm-none-eabi/lib/thumb/v6-m/nofp\libcr_c.a(fclose.o) (fflush)
c:/nxp/mcuxpressoide_11.0.0_2516/ide/plugins/com.nxp.mcuxpresso.tools.win32_11.0.0.201905131304/tools/bin/../lib/gcc/arm-none-eabi/8.2.1/../../../../arm-none-eabi/lib/thumb/v6-m/nofp\libcr_c.a(fseek.o)
                              c:/nxp/mcuxpressoide_11.0.0_2516/ide/plugins/com.nxp.mcuxpresso.tools.win32_11.0.0.201905131304/tools/bin/../lib/gcc/arm-none-eabi/8.2.1/../../../../arm-none-eabi/lib/thumb/v6-m/nofp\libcr_c.a(_fdopen.o) (fseek)
c:/nxp/mcuxpressoide_11.0.0_2516/ide/plugins/com.nxp.mcuxpresso.tools.win32_11.0.0.201905131304/tools/bin/../lib/gcc/arm-none-eabi/8.2.1/../../../../arm-none-eabi/lib/thumb/v6-m/nofp\libcr_c.a(ftell.o)
                              c:/nxp/mcuxpressoide_11.0.0_2516/ide/plugins/com.nxp.mcuxpresso.tools.win32_11.0.0.201905131304/tools/bin/../lib/gcc/arm-none-eabi/8.2.1/../../../../arm-none-eabi/lib/thumb/v6-m/nofp\libcr_c.a(fseek.o) (ftell)
c:/nxp/mcuxpressoide_11.0.0_2516/ide/plugins/com.nxp.mcuxpresso.tools.win32_11.0.0.201905131304/tools/bin/../lib/gcc/arm-none-eabi/8.2.1/../../../../arm-none-eabi/lib/thumb/v6-m/nofp\libcr_c.a(remove.o)
                              c:/nxp/mcuxpressoide_11.0.0_2516/ide/plugins/com.nxp.mcuxpresso.tools.win32_11.0.0.201905131304/tools/bin/../lib/gcc/arm-none-eabi/8.2.1/../../../../arm-none-eabi/lib/thumb/v6-m/nofp\libcr_c.a(fclose.o) (remove)
c:/nxp/mcuxpressoide_11.0.0_2516/ide/plugins/com.nxp.mcuxpresso.tools.win32_11.0.0.201905131304/tools/bin/../lib/gcc/arm-none-eabi/8.2.1/../../../../arm-none-eabi/lib/thumb/v6-m/nofp\libcr_c.a(_do_fflush.o)
[...]
Memory Configuration

Name             Origin             Length             Attributes
PROGRAM_FLASH    0x00000000         0x00020000         xr
SRAM             0x1ffff000         0x00004000         xrw
*default*        0x00000000         0xffffffff

Linker script and memory map

LOAD ./debug/PES_Project_4.o
LOAD ./debug/logger.o
LOAD ./debug/led.o
LOAD ./debug/state.o
LOAD ./debug/System.o
LOAD ./debug/unit_test.o
LOAD ./debug/systick.o
LOAD ./debug/i2c.o
LOAD ./debug/startup_mkl25z4.o
LOAD ./debug/system_MKL25Z4.o
LOAD ./debug/board.o
LOAD ./debug/clock_config.o
LOAD ./debug/peripherals.o
LOAD ./debug/pin_mux.o
LOAD ./debug/fsl_clock.o
LOAD ./debug/fsl_common.o
LOAD ./debug/fsl_flash.o
LOAD ./debug/fsl_gpio.o
LOAD ./debug/fsl_lpsci.o
LOAD ./debug/fsl_smc.o
LOAD ./debug/fsl_uart.o
LOAD ./debug/fsl_debug_console.o
START GROUP
LOAD c:/nxp/mcuxpressoide_11.0.0_2516/ide/plugins/com.nxp.mcuxpresso.tools.win32_11.0.0.201905131304/tools/bin/../lib/gcc/arm-none-eabi/8.2.1/../../../../arm-none-eabi/lib/thumb/v6-m/nofp\libcr_semihost_nf.a
LOAD c:/nxp/mcuxpressoide_11.0.0_2516/ide/plugins/com.nxp.mcuxpresso.tools.win32_11.0.0.201905131304/tools/bin/../lib/gcc/arm-none-eabi/8.2.1/../../../../arm-none-eabi/lib/thumb/v6-m/nofp\libcr_c.a
LOAD c:/nxp/mcuxpressoide_11.0.0_2516/ide/plugins/com.nxp.mcuxpresso.tools.win32_11.0.0.201905131304/tools/bin/../lib/gcc/arm-none-eabi/8.2.1/thumb/v6-m/nofp\libcr_eabihelpers.a
END GROUP
                0x00000000                __base_PROGRAM_FLASH = 0x0
                0x00000000                __base_Flash = 0x0
                0x00020000                __top_PROGRAM_FLASH = 0x20000
                0x00020000                __top_Flash = 0x20000
                0x1ffff000                __base_SRAM = 0x1ffff000
                0x1ffff000                __base_RAM = 0x1ffff000
                0x20003000                __top_SRAM = 0x20003000
                0x20003000                __top_RAM = 0x20003000

.text           0x00000000     0x65c0
 FILL mask 0xff
                0x00000000                __vectors_start__ = ABSOLUTE (.)
 *(.isr_vector)
 .isr_vector    0x00000000       0xc0 ./debug/startup_mkl25z4.o
                0x00000000                g_pfnVectors
                0x00000000                __Vectors
                0x000000c0                . = ALIGN (0x4)
                0x000000c0                __section_table_start = .
                0x000000c0                __data_section_table = .
                0x000000c0        0x4 LONG 0x65c0 LOADADDR (.data)
                0x000000c4        0x4 LONG 0x1ffff000 ADDR (.data)
                0x000000c8        0x4 LONG 0x68 SIZEOF (.data)
                0x000000cc                __data_section_table_end = .
                0x000000cc                __bss_section_table = .
                0x000000cc        0x4 LONG 0x1ffff068 ADDR (.bss)
                0x000000d0        0x4 LONG 0x124 SIZEOF (.bss)
                0x000000d4                __bss_section_table_end = .
                0x000000d4                __section_table_end = .
 *(.after_vectors*)
 .after_vectors.init_data
                0x000000d4       0x12 ./debug/startup_mkl25z4.o
                0x000000d4                data_init
 .after_vectors.init_bss
                0x000000e6       0x10 ./debug/startup_mkl25z4.o
                0x000000e6                bss_init
 *fill*         0x000000f6        0x2 ff
 .after_vectors.reset
                0x000000f8       0x4c ./debug/startup_mkl25z4.o
                0x000000f8                ResetISR
 .after_vectors
                0x00000144      0x10c ./debug/startup_mkl25z4.o
                0x00000144                NMI_Handler
                0x00000146                HardFault_Handler
                0x00000148                SVC_Handler
                0x0000014a                PendSV_Handler
                0x0000014e                SPI1_DriverIRQHandler
                0x0000014e                LPTMR0_DriverIRQHandler
                0x0000014e                Reserved39_DriverIRQHandler
                0x0000014e                DMA0_DriverIRQHandler
                0x0000014e                I2C0_DriverIRQHandler
                0x0000014e                PORTD_DriverIRQHandler
                0x0000014e                DMA2_DriverIRQHandler
                0x0000014e                CMP0_DriverIRQHandler
                0x0000014e                TPM2_DriverIRQHandler
                0x0000014e                ADC0_DriverIRQHandler
                0x0000014e                SPI0_DriverIRQHandler
                0x0000014e                TSI0_DriverIRQHandler
                0x0000014e                RTC_Seconds_DriverIRQHandler
                0x0000014e                I2C1_DriverIRQHandler
                0x0000014e                Reserved45_DriverIRQHandler
                0x0000014e                LLWU_DriverIRQHandler
                0x0000014e                MCG_DriverIRQHandler
                0x0000014e                DMA1_DriverIRQHandler
                0x0000014e                PIT_DriverIRQHandler
                0x0000014e                RTC_DriverIRQHandler
                0x0000014e                FTFA_DriverIRQHandler
                0x0000014e                IntDefaultHandler
                0x0000014e                USB0_DriverIRQHandler
                0x0000014e                DAC0_DriverIRQHandler
                0x0000014e                TPM1_DriverIRQHandler
                0x0000014e                LVD_LVW_DriverIRQHandler
                0x0000014e                TPM0_DriverIRQHandler
                0x0000014e                PORTA_DriverIRQHandler
                0x0000014e                DMA3_DriverIRQHandler
                0x0000014e                Reserved20_DriverIRQHandler
                0x00000150                DMA0_IRQHandler
                0x00000158                DMA1_IRQHandler
                0x00000160                DMA2_IRQHandler
                0x00000168                DMA3_IRQHandler
                0x00000170                Reserved20_IRQHandler
                0x00000178                FTFA_IRQHandler
                0x00000180                LVD_LVW_IRQHandler
                0x00000188                LLWU_IRQHandler
                0x00000190                I2C0_IRQHandler
                0x00000198                I2C1_IRQHandler
                0x000001a0                SPI0_IRQHandler
                0x000001a8                SPI1_IRQHandler
                0x000001b0                UART0_IRQHandler
                0x000001b8                UART1_IRQHandler
                0x000001c0                UART2_IRQHandler
                0x000001c8                ADC0_IRQHandler
                0x000001d0                CMP0_IRQHandler
                0x000001d8                TPM0_IRQHandler
                0x000001e0                TPM1_IRQHandler
                0x000001e8                TPM2_IRQHandler
                0x000001f0                RTC_IRQHandler
                0x000001f8                RTC_Seconds_IRQHandler
                0x00000200                PIT_IRQHandler
                0x00000208                Reserved39_IRQHandler
                0x00000210                USB0_IRQHandler
                0x00000218                DAC0_IRQHandler
                0x00000220                TSI0_IRQHandler
                0x00000228                MCG_IRQHandler
                0x00000230                LPTMR0_IRQHandler
                0x00000238                Reserved45_IRQHandler
                0x00000248                PORTD_IRQHandler
                0x00000400                . = 0x400
 *fill*         0x00000250      0x1b0 ff
                0x00000400                PROVIDE (__FLASH_CONFIG_START__ = .)
 *(.FlashConfig)
 .FlashConfig   0x00000400       0x10 ./debug/startup_mkl25z4.o
                0x00000400                Flash_Config
                0x00000410                PROVIDE (__FLASH_CONFIG_END__ = .)
                0x00000001                ASSERT (! ((__FLASH_CONFIG_START__ == __FLASH_CONFIG_END__)), Linker Flash Config Support Enabled, but no .FlashConfig section provided within application)
 *(.text*)
 .text.NVIC_DisableIRQ
                0x00000410       0x30 ./debug/PES_Project_4.o
 .text.DisableIRQ
                0x00000440       0x2c ./debug/PES_Project_4.o
 .text.Init_PORTA
                0x0000046c       0x7c ./debug/PES_Project_4.o
                0x0000046c                Init_PORTA
 .text.PORTA_IRQHandler
                0x000004e8       0x40 ./debug/PES_Project_4.o
                0x000004e8                PORTA_IRQHandler
 .text.main     0x00000528       0x28 ./debug/PES_Project_4.o
                0x00000528                main
 .text.log_Level
                0x00000550       0x4c ./debug/logger.o
                0x00000550                log_Level
 .text.log_Str  0x0000059c      0x134 ./debug/logger.o
                0x0000059c                log_Str
 .text.log_Int  0x000006d0       0x20 ./debug/logger.o
                0x000006d0                log_Int
 .text.log_Char
                0x000006f0       0x28 ./debug/logger.o
                0x000006f0                log_Char
 .text.log_string
                0x00000718       0x20 ./debug/logger.o
                0x00000718                log_string
 .text.GPIO_WritePinOutput
                0x00000738       0x34 ./debug/led.o
 .text.GPIO_SetPinsOutput
                0x0000076c       0x18 ./debug/led.o
 .text.GPIO_ClearPinsOutput
                0x00000784       0x18 ./debug/led.o
 .text.led_init
                0x0000079c       0x60 ./debug/led.o
                0x0000079c                led_init
 .text.green_on
                0x000007fc       0x1c ./debug/led.o
                0x000007fc                green_on
 .text.green_off
                0x00000818       0x1c ./debug/led.o
                0x00000818                green_off
 .text.red_on   0x00000834       0x1c ./debug/led.o
                0x00000834                red_on
 .text.red_off  0x00000850       0x1c ./debug/led.o
                0x00000850                red_off
 .text.blue_on  0x0000086c       0x18 ./debug/led.o
                0x0000086c                blue_on
 .text.blue_off
                0x00000884       0x18 ./debug/led.o
                0x00000884                blue_off
 .text.NVIC_EnableIRQ
                0x0000089c       0x2c ./debug/state.o
 .text.input_Temp
                0x000008c8      0x120 ./debug/state.o
                0x000008c8                input_Temp
 .text.alert    0x000009e8       0x5c ./debug/state.o
                0x000009e8                alert
 .text.avg_Temp
                0x00000a44      0x170 ./debug/state.o
                0x00000a44                avg_Temp
 .text.error_Temp
                0x00000bb4       0x48 ./debug/state.o
                0x00000bb4                error_Temp
 .text.change_State
                0x00000bfc       0xb8 ./debug/state.o
                0x00000bfc                change_State
 .text.System_exit
                0x00000cb4        0xc ./debug/System.o
                0x00000cb4                System_exit
 .text.System_Init
                0x00000cc0       0x1c ./debug/System.o
                0x00000cc0                System_Init
 .text.System_Shutdown
                0x00000cdc       0x20 ./debug/System.o
                0x00000cdc                System_Shutdown
 .text.System_Safestate
                0x00000cfc       0x20 ./debug/System.o
                0x00000cfc                System_Safestate
 .text.System_WriteString
                0x00000d1c       0x1c ./debug/System.o
                0x00000d1c                System_WriteString
 .text.System_LogString
                0x00000d38       0x18 ./debug/System.o
                0x00000d38                System_LogString
 .text.System_WriteInt
                0x00000d50       0x18 ./debug/System.o
                0x00000d50                System_WriteInt
 .text.delay_test
                0x00000d68       0x22 ./debug/unit_test.o
                0x00000d68                delay_test
 *fill*         0x00000d8a        0x2 ff
 .text.test     0x00000d8c     0x1b08 ./debug/unit_test.o
                0x00000d8c                test
 .text.NVIC_SetPriority
                0x00002894       0xdc ./debug/systick.o
 .text.Init_Systick
                0x00002970       0x30 ./debug/systick.o
                0x00002970                Init_Systick
 .text.SysTick_Handler
                0x000029a0       0x38 ./debug/systick.o
                0x000029a0                SysTick_Handler
 .text.i2c_init
                0x000029d8       0x94 ./debug/i2c.o
                0x000029d8                i2c_init
 .text.i2c_read_bytes
                0x00002a6c      0x174 ./debug/i2c.o
                0x00002a6c                i2c_read_bytes
 .text.I2C_WAIT
                0x00002be0       0x54 ./debug/i2c.o
                0x00002be0                I2C_WAIT
 .text.i2c_write_bytes
                0x00002c34       0x9c ./debug/i2c.o
                0x00002c34                i2c_write_bytes
 .text.i2c_read_byte
                0x00002cd0       0xc0 ./debug/i2c.o
                0x00002cd0                i2c_read_byte
 .text.Init_Alert_TLO
                0x00002d90       0x40 ./debug/i2c.o
                0x00002d90                Init_Alert_TLO
 .text.Init_Alert_THI
                0x00002dd0       0x40 ./debug/i2c.o
                0x00002dd0                Init_Alert_THI
 .text.SystemInit
                0x00002e10       0x18 ./debug/system_MKL25Z4.o
                0x00002e10                SystemInit
 .text.CLOCK_SetLpsci0Clock
                0x00002e28       0x38 ./debug/board.o
 .text.BOARD_InitDebugConsole
                0x00002e60       0x30 ./debug/board.o
                0x00002e60                BOARD_InitDebugConsole
 .text.CLOCK_SetSimSafeDivs
                0x00002e90       0x20 ./debug/clock_config.o
 .text.CLOCK_SetXtal0Freq
                0x00002eb0       0x1c ./debug/clock_config.o
 .text.CLOCK_CONFIG_SetFllExtRefDiv
                0x00002ecc       0x3c ./debug/clock_config.o
 .text.BOARD_InitBootClocks
                0x00002f08        0xe ./debug/clock_config.o
                0x00002f08                BOARD_InitBootClocks
 *fill*         0x00002f16        0x2 ff
 .text.BOARD_BootClockRUN
                0x00002f18       0x64 ./debug/clock_config.o
                0x00002f18                BOARD_BootClockRUN
 .text.BOARD_InitBootPeripherals
                0x00002f7c        0xa ./debug/peripherals.o
                0x00002f7c                BOARD_InitBootPeripherals
 *fill*         0x00002f86        0x2 ff
 .text.CLOCK_EnableClock
                0x00002f88       0x34 ./debug/pin_mux.o
 .text.PORT_SetPinMux
                0x00002fbc       0x40 ./debug/pin_mux.o
 .text.BOARD_InitBootPins
                0x00002ffc        0xe ./debug/pin_mux.o
                0x00002ffc                BOARD_InitBootPins
 *fill*         0x0000300a        0x2 ff
 .text.BOARD_InitPins
                0x0000300c       0x90 ./debug/pin_mux.o
                0x0000300c                BOARD_InitPins
 .text.CLOCK_SetEr32kClock
                0x0000309c       0x34 ./debug/fsl_clock.o
 .text.CLOCK_SetPllFllSelClock
                0x000030d0       0x38 ./debug/fsl_clock.o
 .text.OSC_SetExtRefClkConfig
                0x00003108       0x3e ./debug/fsl_clock.o
 .text.OSC_SetCapLoad
                0x00003146       0x42 ./debug/fsl_clock.o
 .text.CLOCK_GetMcgExtClkFreq
                0x00003188       0x28 ./debug/fsl_clock.o
 .text.CLOCK_GetFllExtRefClkFreq
                0x000031b0       0xa4 ./debug/fsl_clock.o
 .text.CLOCK_GetFllRefClkFreq
                0x00003254       0x2c ./debug/fsl_clock.o
 .text.CLOCK_GetPll0RefFreq
                0x00003280       0x10 ./debug/fsl_clock.o
 .text.CLOCK_GetOscRangeFromFreq
                0x00003290       0x4c ./debug/fsl_clock.o
 .text.CLOCK_GetPllFllSelClkFreq
                0x000032dc       0x4c ./debug/fsl_clock.o
                0x000032dc                CLOCK_GetPllFllSelClkFreq
 .text.CLOCK_SetSimConfig
                0x00003328       0x38 ./debug/fsl_clock.o
                0x00003328                CLOCK_SetSimConfig
 .text.CLOCK_GetFllFreq
                0x00003360       0x84 ./debug/fsl_clock.o
                0x00003360                CLOCK_GetFllFreq
 .text.CLOCK_GetPll0Freq
                0x000033e4       0x70 ./debug/fsl_clock.o
                0x000033e4                CLOCK_GetPll0Freq
 .text.CLOCK_SetExternalRefClkConfig
                0x00003454       0x16 ./debug/fsl_clock.o
                0x00003454                CLOCK_SetExternalRefClkConfig
 *fill*         0x0000346a        0x2 ff
 .text.CLOCK_SetInternalRefClkConfig
                0x0000346c      0x124 ./debug/fsl_clock.o
                0x0000346c                CLOCK_SetInternalRefClkConfig
 .text.CLOCK_EnablePll0
                0x00003590       0x90 ./debug/fsl_clock.o
                0x00003590                CLOCK_EnablePll0
 .text.CLOCK_InitOsc0
                0x00003620       0x94 ./debug/fsl_clock.o
                0x00003620                CLOCK_InitOsc0
 .text.CLOCK_SetPbeMode
                0x000036b4       0xb0 ./debug/fsl_clock.o
                0x000036b4                CLOCK_SetPbeMode
 .text.CLOCK_BootToPeeMode
                0x00003764       0x70 ./debug/fsl_clock.o
                0x00003764                CLOCK_BootToPeeMode
 .text.__assertion_failed
                0x000037d4       0x1c ./debug/fsl_common.o
                0x000037d4                __assertion_failed
 .text.CLOCK_EnableClock
                0x000037f0       0x34 ./debug/fsl_lpsci.o
 .text.LPSCI_GetInstance
                0x00003824       0x48 ./debug/fsl_lpsci.o
                0x00003824                LPSCI_GetInstance
 .text.LPSCI_Init
                0x0000386c      0x258 ./debug/fsl_lpsci.o
                0x0000386c                LPSCI_Init
 .text.LPSCI_GetDefaultConfig
                0x00003ac4       0x44 ./debug/fsl_lpsci.o
                0x00003ac4                LPSCI_GetDefaultConfig
 .text.LPSCI_GetStatusFlags
                0x00003b08       0x26 ./debug/fsl_lpsci.o
                0x00003b08                LPSCI_GetStatusFlags
 *fill*         0x00003b2e        0x2 ff
 .text.LPSCI_ClearStatusFlags
                0x00003b30       0x94 ./debug/fsl_lpsci.o
                0x00003b30                LPSCI_ClearStatusFlags
 .text.LPSCI_WriteBlocking
                0x00003bc4       0x4c ./debug/fsl_lpsci.o
                0x00003bc4                LPSCI_WriteBlocking
 .text.LPSCI_ReadBlocking
                0x00003c10       0xc0 ./debug/fsl_lpsci.o
                0x00003c10                LPSCI_ReadBlocking
 .text.UART0_DriverIRQHandler
                0x00003cd0       0x24 ./debug/fsl_lpsci.o
                0x00003cd0                UART0_DriverIRQHandler
 .text.CLOCK_EnableClock
                0x00003cf4       0x34 ./debug/fsl_uart.o
 .text.UART_GetInstance
                0x00003d28       0x54 ./debug/fsl_uart.o
                0x00003d28                UART_GetInstance
 .text.UART_Init
                0x00003d7c      0x1e0 ./debug/fsl_uart.o
                0x00003d7c                UART_Init
 .text.UART_GetDefaultConfig
                0x00003f5c       0x44 ./debug/fsl_uart.o
                0x00003f5c                UART_GetDefaultConfig
 .text.UART_GetStatusFlags
                0x00003fa0       0x26 ./debug/fsl_uart.o
                0x00003fa0                UART_GetStatusFlags
 .text.UART_WriteBlocking
                0x00003fc6       0x3a ./debug/fsl_uart.o
                0x00003fc6                UART_WriteBlocking
 .text.UART_ReadBlocking
                0x00004000       0x98 ./debug/fsl_uart.o
                0x00004000                UART_ReadBlocking
 .text.UART1_DriverIRQHandler
                0x00004098       0x24 ./debug/fsl_uart.o
                0x00004098                UART1_DriverIRQHandler
 .text.UART2_DriverIRQHandler
                0x000040bc       0x24 ./debug/fsl_uart.o
                0x000040bc                UART2_DriverIRQHandler
 .text.UART_EnableTx
                0x000040e0       0x40 ./debug/fsl_debug_console.o
 .text.UART_EnableRx
                0x00004120       0x40 ./debug/fsl_debug_console.o
 .text.LPSCI_EnableTx
                0x00004160       0x40 ./debug/fsl_debug_console.o
 .text.LPSCI_EnableRx
                0x000041a0       0x40 ./debug/fsl_debug_console.o
 .text.DbgConsole_Init
                0x000041e0       0xf0 ./debug/fsl_debug_console.o
                0x000041e0                DbgConsole_Init
 .text.DbgConsole_Printf
                0x000042d0       0x44 ./debug/fsl_debug_console.o
                0x000042d0                DbgConsole_Printf
 .text.DbgConsole_Putchar
                0x00004314       0x34 ./debug/fsl_debug_console.o
                0x00004314                DbgConsole_Putchar
 .text.DbgConsole_PrintfPaddingCharacter
                0x00004348       0x46 ./debug/fsl_debug_console.o
 .text.DbgConsole_ConvertRadixNumToString
                0x0000438e      0x114 ./debug/fsl_debug_console.o
 .text.DbgConsole_PrintfFormattedData
                0x000044a2      0x336 ./debug/fsl_debug_console.o
 .text.__main   0x000047d8        0xc c:/nxp/mcuxpressoide_11.0.0_2516/ide/plugins/com.nxp.mcuxpresso.tools.win32_11.0.0.201905131304/tools/bin/../lib/gcc/arm-none-eabi/8.2.1/../../../../arm-none-eabi/lib/thumb/v6-m/nofp\libcr_semihost_nf.a(_cr__main.o)
                0x000047d8                __CR_SEMIHOST
                0x000047d8                __main
 .text.memset   0x000047e4        0x8 c:/nxp/mcuxpressoide_11.0.0_2516/ide/plugins/com.nxp.mcuxpresso.tools.win32_11.0.0.201905131304/tools/bin/../lib/gcc/arm-none-eabi/8.2.1/../../../../arm-none-eabi/lib/thumb/v6-m/nofp\libcr_c.a(memset.o)
                0x000047e4                memset
 .text._initio  0x000047ec       0x7c c:/nxp/mcuxpressoide_11.0.0_2516/ide/plugins/com.nxp.mcuxpresso.tools.win32_11.0.0.201905131304/tools/bin/../lib/gcc/arm-none-eabi/8.2.1/../../../../arm-none-eabi/lib/thumb/v6-m/nofp\libcr_c.a(initio.o)
                0x000047ec                _initio
 .text.setvbuf  0x00004868       0x4c c:/nxp/mcuxpressoide_11.0.0_2516/ide/plugins/com.nxp.mcuxpresso.tools.win32_11.0.0.201905131304/tools/bin/../lib/gcc/arm-none-eabi/8.2.1/../../../../arm-none-eabi/lib/thumb/v6-m/nofp\libcr_c.a(setvbuf.o)
                0x00004868                setvbuf
 .text.strlen   0x000048b4       0x58 c:/nxp/mcuxpressoide_11.0.0_2516/ide/plugins/com.nxp.mcuxpresso.tools.win32_11.0.0.201905131304/tools/bin/../lib/gcc/arm-none-eabi/8.2.1/../../../../arm-none-eabi/lib/thumb/v6-m/nofp\libcr_c.a(strlen.o)
                0x000048b4                strlen
 .text._fdopen  0x0000490c       0x74 c:/nxp/mcuxpressoide_11.0.0_2516/ide/plugins/com.nxp.mcuxpresso.tools.win32_11.0.0.201905131304/tools/bin/../lib/gcc/arm-none-eabi/8.2.1/../../../../arm-none-eabi/lib/thumb/v6-m/nofp\libcr_c.a(_fdopen.o)
                0x0000490c                _fdopen
 .text.fclose   0x00004980       0x5c c:/nxp/mcuxpressoide_11.0.0_2516/ide/plugins/com.nxp.mcuxpresso.tools.win32_11.0.0.201905131304/tools/bin/../lib/gcc/arm-none-eabi/8.2.1/../../../../arm-none-eabi/lib/thumb/v6-m/nofp\libcr_c.a(fclose.o)
                0x00004980                fclose
 .text.fflush   0x000049dc       0x44 c:/nxp/mcuxpressoide_11.0.0_2516/ide/plugins/com.nxp.mcuxpresso.tools.win32_11.0.0.201905131304/tools/bin/../lib/gcc/arm-none-eabi/8.2.1/../../../../arm-none-eabi/lib/thumb/v6-m/nofp\libcr_c.a(fflush.o)
                0x000049dc                fflush
 .text.fseek    0x00004a20       0xf0 c:/nxp/mcuxpressoide_11.0.0_2516/ide/plugins/com.nxp.mcuxpresso.tools.win32_11.0.0.201905131304/tools/bin/../lib/gcc/arm-none-eabi/8.2.1/../../../../arm-none-eabi/lib/thumb/v6-m/nofp\libcr_c.a(fseek.o)
                0x00004a20                fseek
 .text.ftell    0x00004b10       0x48 c:/nxp/mcuxpressoide_11.0.0_2516/ide/plugins/com.nxp.mcuxpresso.tools.win32_11.0.0.201905131304/tools/bin/../lib/gcc/arm-none-eabi/8.2.1/../../../../arm-none-eabi/lib/thumb/v6-m/nofp\libcr_c.a(ftell.o)
                0x00004b10                ftell
 .text.remove   0x00004b58       0x12 c:/nxp/mcuxpressoide_11.0.0_2516/ide/plugins/com.nxp.mcuxpresso.tools.win32_11.0.0.201905131304/tools/bin/../lib/gcc/arm-none-eabi/8.2.1/../../../../arm-none-eabi/lib/thumb/v6-m/nofp\libcr_c.a(remove.o)
                0x00004b58                remove
 *fill*         0x00004b6a        0x2 ff
 .text._do_fflush
                0x00004b6c       0x44 c:/nxp/mcuxpressoide_11.0.0_2516/ide/plugins/com.nxp.mcuxpresso.tools.win32_11.0.0.201905131304/tools/bin/../lib/gcc/arm-none-eabi/8.2.1/../../../../arm-none-eabi/lib/thumb/v6-m/nofp\libcr_c.a(_do_fflush.o)
                0x00004b6c                _do_fflush
 .text._fflush  0x00004bb0       0x5c c:/nxp/mcuxpressoide_11.0.0_2516/ide/plugins/com.nxp.mcuxpresso.tools.win32_11.0.0.201905131304/tools/bin/../lib/gcc/arm-none-eabi/8.2.1/../../../../arm-none-eabi/lib/thumb/v6-m/nofp\libcr_c.a(_fflush.o)
                0x00004bb0                _fflush
 .text._Cwritebuf
                0x00004c0c       0x68 c:/nxp/mcuxpressoide_11.0.0_2516/ide/plugins/com.nxp.mcuxpresso.tools.win32_11.0.0.201905131304/tools/bin/../lib/gcc/arm-none-eabi/8.2.1/../../../../arm-none-eabi/lib/thumb/v6-m/nofp\libcr_c.a(_writebuf.o)
                0x00004c0c                _Cwritebuf
 .text.free     0x00004c74       0x2c c:/nxp/mcuxpressoide_11.0.0_2516/ide/plugins/com.nxp.mcuxpresso.tools.win32_11.0.0.201905131304/tools/bin/../lib/gcc/arm-none-eabi/8.2.1/../../../../arm-none-eabi/lib/thumb/v6-m/nofp\libcr_c.a(alloc.o)
                0x00004c74                free
 .text._deferredlazyseek
                0x00004ca0       0x40 c:/nxp/mcuxpressoide_11.0.0_2516/ide/plugins/com.nxp.mcuxpresso.tools.win32_11.0.0.201905131304/tools/bin/../lib/gcc/arm-none-eabi/8.2.1/../../../../arm-none-eabi/lib/thumb/v6-m/nofp\libcr_c.a(_deferredlazyseek.o)
                0x00004ca0                _deferredlazyseek
 .text.__aeabi_division_idivmod
                0x00004ce0       0x78 c:/nxp/mcuxpressoide_11.0.0_2516/ide/plugins/com.nxp.mcuxpresso.tools.win32_11.0.0.201905131304/tools/bin/../lib/gcc/arm-none-eabi/8.2.1/thumb/v6-m/nofp\libcr_eabihelpers.a(division_32.o)
                0x00004ce0                __aeabi_idivmod
                0x00004ce0                __aeabi_idiv
                0x00004ce6                __aeabi_uidivmod
                0x00004ce6                __aeabi_uidiv
 .text.__aeabi_division_idiv0
                0x00004d58        0x2 c:/nxp/mcuxpressoide_11.0.0_2516/ide/plugins/com.nxp.mcuxpresso.tools.win32_11.0.0.201905131304/tools/bin/../lib/gcc/arm-none-eabi/8.2.1/thumb/v6-m/nofp\libcr_eabihelpers.a(division_idiv0.o)
                0x00004d58                __aeabi_idiv0
 *fill*         0x00004d5a        0x2 ff
 .text.__aeabi_dmul
                0x00004d5c      0x188 c:/nxp/mcuxpressoide_11.0.0_2516/ide/plugins/com.nxp.mcuxpresso.tools.win32_11.0.0.201905131304/tools/bin/../lib/gcc/arm-none-eabi/8.2.1/thumb/v6-m/nofp\libcr_eabihelpers.a(double.o)
                0x00004d5c                __aeabi_dmul
 .text.__aeabi_dsub
                0x00004ee4      0x1c4 c:/nxp/mcuxpressoide_11.0.0_2516/ide/plugins/com.nxp.mcuxpresso.tools.win32_11.0.0.201905131304/tools/bin/../lib/gcc/arm-none-eabi/8.2.1/thumb/v6-m/nofp\libcr_eabihelpers.a(double.o)
                0x00004ee4                __aeabi_dsub
 .text.__aeabi_dadd
                0x000050a8      0x12c c:/nxp/mcuxpressoide_11.0.0_2516/ide/plugins/com.nxp.mcuxpresso.tools.win32_11.0.0.201905131304/tools/bin/../lib/gcc/arm-none-eabi/8.2.1/thumb/v6-m/nofp\libcr_eabihelpers.a(double.o)
                0x000050a8                __aeabi_dadd
 .text.__aeabi_d2iz
                0x000051d4       0x4c c:/nxp/mcuxpressoide_11.0.0_2516/ide/plugins/com.nxp.mcuxpresso.tools.win32_11.0.0.201905131304/tools/bin/../lib/gcc/arm-none-eabi/8.2.1/thumb/v6-m/nofp\libcr_eabihelpers.a(double.o)
                0x000051d4                __aeabi_d2iz
 .text.__bhs_ui2d
                0x00005220       0x5e c:/nxp/mcuxpressoide_11.0.0_2516/ide/plugins/com.nxp.mcuxpresso.tools.win32_11.0.0.201905131304/tools/bin/../lib/gcc/arm-none-eabi/8.2.1/thumb/v6-m/nofp\libcr_eabihelpers.a(double.o)
                0x00005220                __bhs_ui2d
 .text.__aeabi_i2d
                0x0000527e       0x18 c:/nxp/mcuxpressoide_11.0.0_2516/ide/plugins/com.nxp.mcuxpresso.tools.win32_11.0.0.201905131304/tools/bin/../lib/gcc/arm-none-eabi/8.2.1/thumb/v6-m/nofp\libcr_eabihelpers.a(double.o)
                0x0000527e                __aeabi_i2d
 .text.__aeabi_llong_lmul
                0x00005296       0x2e c:/nxp/mcuxpressoide_11.0.0_2516/ide/plugins/com.nxp.mcuxpresso.tools.win32_11.0.0.201905131304/tools/bin/../lib/gcc/arm-none-eabi/8.2.1/thumb/v6-m/nofp\libcr_eabihelpers.a(llong.o)
                0x00005296                __aeabi_lmul
 .text.__aeabi_memset_lowlevel
                0x000052c4       0x2a c:/nxp/mcuxpressoide_11.0.0_2516/ide/plugins/com.nxp.mcuxpresso.tools.win32_11.0.0.201905131304/tools/bin/../lib/gcc/arm-none-eabi/8.2.1/thumb/v6-m/nofp\libcr_eabihelpers.a(memcpy.o)
                0x000052c4                __aeabi_lowlevel_memset
 .text.__sys_close
                0x000052ee        0xc c:/nxp/mcuxpressoide_11.0.0_2516/ide/plugins/com.nxp.mcuxpresso.tools.win32_11.0.0.201905131304/tools/bin/../lib/gcc/arm-none-eabi/8.2.1/../../../../arm-none-eabi/lib/thumb/v6-m/nofp\libcr_semihost_nf.a(__sys_close.o)
                0x000052ee                __sys_close
 .text.__sys_flen
                0x000052fa        0xc c:/nxp/mcuxpressoide_11.0.0_2516/ide/plugins/com.nxp.mcuxpresso.tools.win32_11.0.0.201905131304/tools/bin/../lib/gcc/arm-none-eabi/8.2.1/../../../../arm-none-eabi/lib/thumb/v6-m/nofp\libcr_semihost_nf.a(__sys_flen.o)
                0x000052fa                __sys_flen
 .text.__sys_istty
                0x00005306        0xc c:/nxp/mcuxpressoide_11.0.0_2516/ide/plugins/com.nxp.mcuxpresso.tools.win32_11.0.0.201905131304/tools/bin/../lib/gcc/arm-none-eabi/8.2.1/../../../../arm-none-eabi/lib/thumb/v6-m/nofp\libcr_semihost_nf.a(__sys_istty.o)
                0x00005306                __sys_istty
 .text.__sys_remove
                0x00005312        0xc c:/nxp/mcuxpressoide_11.0.0_2516/ide/plugins/com.nxp.mcuxpresso.tools.win32_11.0.0.201905131304/tools/bin/../lib/gcc/arm-none-eabi/8.2.1/../../../../arm-none-eabi/lib/thumb/v6-m/nofp\libcr_semihost_nf.a(__sys_remove.o)
                0x00005312                __sys_remove
 .text.__sys_seek
                0x0000531e        0xc c:/nxp/mcuxpressoide_11.0.0_2516/ide/plugins/com.nxp.mcuxpresso.tools.win32_11.0.0.201905131304/tools/bin/../lib/gcc/arm-none-eabi/8.2.1/../../../../arm-none-eabi/lib/thumb/v6-m/nofp\libcr_semihost_nf.a(__sys_seek.o)
                0x0000531e                __sys_seek
 .text.__sys_tmpnam
                0x0000532a        0xc c:/nxp/mcuxpressoide_11.0.0_2516/ide/plugins/com.nxp.mcuxpresso.tools.win32_11.0.0.201905131304/tools/bin/../lib/gcc/arm-none-eabi/8.2.1/../../../../arm-none-eabi/lib/thumb/v6-m/nofp\libcr_semihost_nf.a(__sys_tmpnam.o)
                0x0000532a                __sys_tmpnam
 .text.__sys_write
                0x00005336        0xc c:/nxp/mcuxpressoide_11.0.0_2516/ide/plugins/com.nxp.mcuxpresso.tools.win32_11.0.0.201905131304/tools/bin/../lib/gcc/arm-none-eabi/8.2.1/../../../../arm-none-eabi/lib/thumb/v6-m/nofp\libcr_semihost_nf.a(__sys_write.o)
                0x00005336                __sys_write
 *(.rodata .rodata.* .constdata .constdata.*)
 *fill*         0x00005342        0x2 ff
 .rodata        0x00005344       0xf7 ./debug/logger.o
 *fill*         0x0000543b        0x1 ff
 .rodata        0x0000543c      0x172 ./debug/state.o
 *fill*         0x000055ae        0x2 ff
 .rodata        0x000055b0       0x5f ./debug/System.o
 *fill*         0x0000560f        0x1 ff
 .rodata        0x00005610      0x5f4 ./debug/unit_test.o
 .rodata.test   0x00005c04       0x18 ./debug/unit_test.o
 .rodata.mcgConfig_BOARD_BootClockRUN
                0x00005c1c        0xa ./debug/clock_config.o
                0x00005c1c                mcgConfig_BOARD_BootClockRUN
 *fill*         0x00005c26        0x2 ff
 .rodata.simConfig_BOARD_BootClockRUN
                0x00005c28        0x8 ./debug/clock_config.o
                0x00005c28                simConfig_BOARD_BootClockRUN
 .rodata.oscConfig_BOARD_BootClockRUN
                0x00005c30        0x8 ./debug/clock_config.o
                0x00005c30                oscConfig_BOARD_BootClockRUN
 .rodata        0x00005c38      0x10a ./debug/fsl_clock.o
 *fill*         0x00005d42        0x2 ff
 .rodata.fllFactorTable.5230
                0x00005d44       0x10 ./debug/fsl_clock.o
 .rodata        0x00005d54        0x4 ./debug/fsl_common.o
 .rodata        0x00005d58      0x45d ./debug/fsl_lpsci.o
 *fill*         0x000061b5        0x3 ff
 .rodata.s_uartBases
                0x000061b8        0xc ./debug/fsl_uart.o
 .rodata.s_uartClock
                0x000061c4        0xc ./debug/fsl_uart.o
 .rodata        0x000061d0      0x3e8 ./debug/fsl_uart.o
 .rodata._initio.str1.1
                0x000065b8        0x4 c:/nxp/mcuxpressoide_11.0.0_2516/ide/plugins/com.nxp.mcuxpresso.tools.win32_11.0.0.201905131304/tools/bin/../lib/gcc/arm-none-eabi/8.2.1/../../../../arm-none-eabi/lib/thumb/v6-m/nofp\libcr_c.a(initio.o)
 .rodata.__num_Ciob_streams
                0x000065bc        0x4 c:/nxp/mcuxpressoide_11.0.0_2516/ide/plugins/com.nxp.mcuxpresso.tools.win32_11.0.0.201905131304/tools/bin/../lib/gcc/arm-none-eabi/8.2.1/../../../../arm-none-eabi/lib/thumb/v6-m/nofp\libcr_semihost_nf.a(__ciob.o)
                0x000065bc                __num_Ciob_streams
                0x000065c0                . = ALIGN (0x4)

.glue_7         0x000065c0        0x0
 .glue_7        0x000065c0        0x0 linker stubs

.glue_7t        0x000065c0        0x0
 .glue_7t       0x000065c0        0x0 linker stubs

.vfp11_veneer   0x000065c0        0x0
 .vfp11_veneer  0x000065c0        0x0 linker stubs

.v4_bx          0x000065c0        0x0
 .v4_bx         0x000065c0        0x0 linker stubs

.iplt           0x000065c0        0x0
 .iplt          0x000065c0        0x0 ./debug/PES_Project_4.o

.rel.dyn        0x000065c0        0x0
 .rel.iplt      0x000065c0        0x0 ./debug/PES_Project_4.o

.ARM.extab
 *(.ARM.extab* .gnu.linkonce.armextab.*)
                0x000065c0                __exidx_start = .

.ARM.exidx
 *(.ARM.exidx* .gnu.linkonce.armexidx.*)
                0x000065c0                __exidx_end = .
                0x000065c0                _etext = .

.m_usb_data
 *(m_usb_bdt)

.mtb_buffer_default
 *(.mtb*)

.uninit_RESERVED
                0x1ffff000        0x0
 *(.bss.$RESERVED*)
                0x1ffff000                . = ALIGN (0x4)
                0x1ffff000                _end_uninit_RESERVED = .

.data           0x1ffff000       0x68 load address 0x000065c0
 FILL mask 0xff
                0x1ffff000                _data = .
 *(vtable)
 *(.ramfunc*)
 *(.data*)
 .data.temp_avg
                0x1ffff000        0x4 ./debug/state.o
                0x1ffff000                temp_avg
 .data.temp_alert
                0x1ffff004        0x4 ./debug/state.o
                0x1ffff004                temp_alert
 .data.flag     0x1ffff008        0x2 ./debug/state.o
                0x1ffff008                flag
 *fill*         0x1ffff00a        0x2 ff
 .data.SM       0x1ffff00c       0x50 ./debug/state.o
                0x1ffff00c                SM
 .data.regvalue
                0x1ffff05c        0x2 ./debug/unit_test.o
                0x1ffff05c                regvalue
 *fill*         0x1ffff05e        0x2 ff
 .data.SystemCoreClock
                0x1ffff060        0x4 ./debug/system_MKL25Z4.o
                0x1ffff060                SystemCoreClock
 .data.s_slowIrcFreq
                0x1ffff064        0x4 ./debug/fsl_clock.o
                0x1ffff068                . = ALIGN (0x4)
                0x1ffff068                _edata = .

.igot.plt       0x1ffff068        0x0 load address 0x00006628
 .igot.plt      0x1ffff068        0x0 ./debug/PES_Project_4.o

.bss            0x1ffff068      0x124 load address 0x00006628
                0x1ffff068                _bss = .
 *(.bss*)
 .bss.interrupt
                0x1ffff068        0x1 ./debug/PES_Project_4.o
                0x1ffff068                interrupt
 *fill*         0x1ffff069        0x1 
 .bss.interrupt_flag
                0x1ffff06a        0x2 ./debug/PES_Project_4.o
                0x1ffff06a                interrupt_flag
 .bss.temp      0x1ffff06c        0x4 ./debug/state.o
                0x1ffff06c                temp
 .bss.count     0x1ffff070        0x2 ./debug/state.o
                0x1ffff070                count
 .bss.structvar
                0x1ffff072        0x2 ./debug/state.o
                0x1ffff072                structvar
 .bss.terminate_flag
                0x1ffff074        0x2 ./debug/state.o
                0x1ffff074                terminate_flag
 .bss.Next_State
                0x1ffff076        0x1 ./debug/state.o
                0x1ffff076                Next_State
 .bss.New_Event
                0x1ffff077        0x1 ./debug/state.o
                0x1ffff077                New_Event
 .bss.ucunit_checks_failed
                0x1ffff078        0x4 ./debug/unit_test.o
 .bss.ucunit_checks_passed
                0x1ffff07c        0x4 ./debug/unit_test.o
 .bss.ucunit_testcases_failed
                0x1ffff080        0x4 ./debug/unit_test.o
 .bss.ucunit_testcases_passed
                0x1ffff084        0x4 ./debug/unit_test.o
 .bss.ucunit_testcases_failed_checks
                0x1ffff088        0x4 ./debug/unit_test.o
 .bss.ucunit_checklist_failed_checks
                0x1ffff08c        0x4 ./debug/unit_test.o
 .bss.ucunit_action
                0x1ffff090        0x4 ./debug/unit_test.o
 .bss.time      0x1ffff094        0x4 ./debug/systick.o
                0x1ffff094                time
 .bss.systick_flag
                0x1ffff098        0x4 ./debug/systick.o
                0x1ffff098                systick_flag
 .bss.data      0x1ffff09c        0xa ./debug/i2c.o
                0x1ffff09c                data
 .bss.dis_count
                0x1ffff0a6        0x1 ./debug/i2c.o
                0x1ffff0a6                dis_count
 .bss.alert_val
                0x1ffff0a7        0x1 ./debug/i2c.o
                0x1ffff0a7                alert_val
 .bss.g_xtal0Freq
                0x1ffff0a8        0x4 ./debug/fsl_clock.o
                0x1ffff0a8                g_xtal0Freq
 .bss.s_lpsciHandle
                0x1ffff0ac        0x4 ./debug/fsl_lpsci.o
 .bss.s_lpsciIsr
                0x1ffff0b0        0x4 ./debug/fsl_lpsci.o
 .bss.s_uartHandle
                0x1ffff0b4        0xc ./debug/fsl_uart.o
 .bss.s_uartIsr
                0x1ffff0c0        0x4 ./debug/fsl_uart.o
 .bss.s_debugConsole
                0x1ffff0c4       0x10 ./debug/fsl_debug_console.o
 .bss.errno     0x1ffff0d4        0x4 c:/nxp/mcuxpressoide_11.0.0_2516/ide/plugins/com.nxp.mcuxpresso.tools.win32_11.0.0.201905131304/tools/bin/../lib/gcc/arm-none-eabi/8.2.1/../../../../arm-none-eabi/lib/thumb/v6-m/nofp\libcr_c.a(errno.o)
                0x1ffff0d4                errno
 .bss.__Ciob    0x1ffff0d8       0xb4 c:/nxp/mcuxpressoide_11.0.0_2516/ide/plugins/com.nxp.mcuxpresso.tools.win32_11.0.0.201905131304/tools/bin/../lib/gcc/arm-none-eabi/8.2.1/../../../../arm-none-eabi/lib/thumb/v6-m/nofp\libcr_semihost_nf.a(__ciob.o)
                0x1ffff0d8                __Ciob
 *(COMMON)
                0x1ffff18c                . = ALIGN (0x4)
                0x1ffff18c                _ebss = .
                [!provide]                PROVIDE (end = .)

.noinit         0x1ffff18c        0x0 load address 0x00006628
                0x1ffff18c                _noinit = .
 *(.noinit*)
                0x1ffff18c                . = ALIGN (0x4)
                0x1ffff18c                _end_noinit = .

.heap           0x1ffff18c      0x400 load address 0x00006628
                0x1ffff18c                _pvHeapStart = .
                0x1ffff58c                . = (. + 0x400)
 *fill*         0x1ffff18c      0x400 
                0x1ffff58c                . = ALIGN (0x4)
                0x1ffff58c                _pvHeapLimit = .

.heap2stackfill
                0x1ffff58c      0x400 load address 0x00006628
                0x1ffff98c                . = (. + 0x400)
 *fill*         0x1ffff58c      0x400 

.stack          0x20002c00        0x0
                0x20002c00                _vStackBase = .
                0x20002c00                . = ALIGN (0x4)
                0x20003000                _vStackTop = (. + 0x400)
OUTPUT(./debug/PES_Project_4.axf elf32-littlearm)

.debug_info     0x00000000     0xae49
 .debug_info    0x00000000      0xbcf ./debug/PES_Project_4.o
 .debug_info    0x00000bcf      0x258 ./debug/logger.o
 .debug_info    0x00000e27      0x6a3 ./debug/led.o
 .debug_info    0x000014ca      0x5ee ./debug/state.o
 .debug_info    0x00001ab8      0x324 ./debug/System.o
 .debug_info    0x00001ddc      0x50b ./debug/unit_test.o
 .debug_info    0x000022e7      0x8d6 ./debug/systick.o
 .debug_info    0x00002bbd      0xbd3 ./debug/i2c.o
 .debug_info    0x00003790      0x4df ./debug/startup_mkl25z4.o
 .debug_info    0x00003c6f      0x439 ./debug/system_MKL25Z4.o
 .debug_info    0x000040a8      0x6fa ./debug/board.o
 .debug_info    0x000047a2      0xafe ./debug/clock_config.o
 .debug_info    0x000052a0       0x3c ./debug/peripherals.o
 .debug_info    0x000052dc      0x5a3 ./debug/pin_mux.o
 .debug_info    0x0000587f     0x1a97 ./debug/fsl_clock.o
 .debug_info    0x00007316      0x44e ./debug/fsl_common.o
 .debug_info    0x00007764     0x1469 ./debug/fsl_lpsci.o
 .debug_info    0x00008bcd     0x140a ./debug/fsl_uart.o
 .debug_info    0x00009fd7      0xe72 ./debug/fsl_debug_console.o

.debug_abbrev   0x00000000     0x24af
 .debug_abbrev  0x00000000      0x2b9 ./debug/PES_Project_4.o
 .debug_abbrev  0x000002b9       0xf4 ./debug/logger.o
 .debug_abbrev  0x000003ad      0x196 ./debug/led.o
 .debug_abbrev  0x00000543      0x1ab ./debug/state.o
 .debug_abbrev  0x000006ee      0x128 ./debug/System.o
 .debug_abbrev  0x00000816      0x16e ./debug/unit_test.o
 .debug_abbrev  0x00000984      0x1c5 ./debug/systick.o
 .debug_abbrev  0x00000b49      0x211 ./debug/i2c.o
 .debug_abbrev  0x00000d5a      0x18d ./debug/startup_mkl25z4.o
 .debug_abbrev  0x00000ee7      0x156 ./debug/system_MKL25Z4.o
 .debug_abbrev  0x0000103d      0x185 ./debug/board.o
 .debug_abbrev  0x000011c2      0x211 ./debug/clock_config.o
 .debug_abbrev  0x000013d3       0x31 ./debug/peripherals.o
 .debug_abbrev  0x00001404      0x1bb ./debug/pin_mux.o
 .debug_abbrev  0x000015bf      0x36f ./debug/fsl_clock.o
 .debug_abbrev  0x0000192e      0x27e ./debug/fsl_common.o
 .debug_abbrev  0x00001bac      0x309 ./debug/fsl_lpsci.o
 .debug_abbrev  0x00001eb5      0x323 ./debug/fsl_uart.o
 .debug_abbrev  0x000021d8      0x2d7 ./debug/fsl_debug_console.o

.debug_aranges  0x00000000      0x980
 .debug_aranges
                0x00000000       0x48 ./debug/PES_Project_4.o
 .debug_aranges
                0x00000048       0x40 ./debug/logger.o
 .debug_aranges
                0x00000088       0x68 ./debug/led.o
 .debug_aranges
                0x000000f0       0x48 ./debug/state.o
 .debug_aranges
                0x00000138       0x58 ./debug/System.o
 .debug_aranges
                0x00000190       0x28 ./debug/unit_test.o
 .debug_aranges
                0x000001b8       0x30 ./debug/systick.o
 .debug_aranges
                0x000001e8       0x50 ./debug/i2c.o
 .debug_aranges
                0x00000238      0x160 ./debug/startup_mkl25z4.o
 .debug_aranges
                0x00000398       0x28 ./debug/system_MKL25Z4.o
 .debug_aranges
                0x000003c0       0x28 ./debug/board.o
 .debug_aranges
                0x000003e8       0x58 ./debug/clock_config.o
 .debug_aranges
                0x00000440       0x20 ./debug/peripherals.o
 .debug_aranges
                0x00000460       0x38 ./debug/pin_mux.o
 .debug_aranges
                0x00000498      0x1d8 ./debug/fsl_clock.o
 .debug_aranges
                0x00000670       0x38 ./debug/fsl_common.o
 .debug_aranges
                0x000006a8      0x118 ./debug/fsl_lpsci.o
 .debug_aranges
                0x000007c0      0x130 ./debug/fsl_uart.o
 .debug_aranges
                0x000008f0       0x90 ./debug/fsl_debug_console.o

.debug_ranges   0x00000000      0x850
 .debug_ranges  0x00000000       0x38 ./debug/PES_Project_4.o
 .debug_ranges  0x00000038       0x30 ./debug/logger.o
 .debug_ranges  0x00000068       0x58 ./debug/led.o
 .debug_ranges  0x000000c0       0x38 ./debug/state.o
 .debug_ranges  0x000000f8       0x48 ./debug/System.o
 .debug_ranges  0x00000140       0x18 ./debug/unit_test.o
 .debug_ranges  0x00000158       0x20 ./debug/systick.o
 .debug_ranges  0x00000178       0x40 ./debug/i2c.o
 .debug_ranges  0x000001b8      0x150 ./debug/startup_mkl25z4.o
 .debug_ranges  0x00000308       0x18 ./debug/system_MKL25Z4.o
 .debug_ranges  0x00000320       0x18 ./debug/board.o
 .debug_ranges  0x00000338       0x48 ./debug/clock_config.o
 .debug_ranges  0x00000380       0x10 ./debug/peripherals.o
 .debug_ranges  0x00000390       0x28 ./debug/pin_mux.o
 .debug_ranges  0x000003b8      0x1c8 ./debug/fsl_clock.o
 .debug_ranges  0x00000580       0x28 ./debug/fsl_common.o
 .debug_ranges  0x000005a8      0x108 ./debug/fsl_lpsci.o
 .debug_ranges  0x000006b0      0x120 ./debug/fsl_uart.o
 .debug_ranges  0x000007d0       0x80 ./debug/fsl_debug_console.o

.debug_macro    0x00000000     0x9eac
 .debug_macro   0x00000000      0x18c ./debug/PES_Project_4.o
 .debug_macro   0x0000018c      0xac6 ./debug/PES_Project_4.o
 .debug_macro   0x00000c52       0x10 ./debug/PES_Project_4.o
 .debug_macro   0x00000c62      0x12e ./debug/PES_Project_4.o
 .debug_macro   0x00000d90       0xd8 ./debug/PES_Project_4.o
 .debug_macro   0x00000e68      0x5b3 ./debug/PES_Project_4.o
 .debug_macro   0x0000141b       0x22 ./debug/PES_Project_4.o
 .debug_macro   0x0000143d       0x16 ./debug/PES_Project_4.o
 .debug_macro   0x00001453       0x22 ./debug/PES_Project_4.o
 .debug_macro   0x00001475       0x10 ./debug/PES_Project_4.o
 .debug_macro   0x00001485       0x3f ./debug/PES_Project_4.o
 .debug_macro   0x000014c4       0x3a ./debug/PES_Project_4.o
 .debug_macro   0x000014fe       0x26 ./debug/PES_Project_4.o
 .debug_macro   0x00001524      0x329 ./debug/PES_Project_4.o
 .debug_macro   0x0000184d       0x30 ./debug/PES_Project_4.o
 .debug_macro   0x0000187d     0x51e2 ./debug/PES_Project_4.o
 .debug_macro   0x00006a5f     0x1352 ./debug/PES_Project_4.o
 .debug_macro   0x00007db1       0x3a ./debug/PES_Project_4.o
 .debug_macro   0x00007deb       0xf4 ./debug/PES_Project_4.o
 .debug_macro   0x00007edf       0x35 ./debug/PES_Project_4.o
 .debug_macro   0x00007f14       0x16 ./debug/PES_Project_4.o
 .debug_macro   0x00007f2a       0x10 ./debug/PES_Project_4.o
 .debug_macro   0x00007f3a      0x112 ./debug/PES_Project_4.o
 .debug_macro   0x0000804c       0x64 ./debug/PES_Project_4.o
 .debug_macro   0x000080b0       0x22 ./debug/PES_Project_4.o
 .debug_macro   0x000080d2       0x28 ./debug/PES_Project_4.o
 .debug_macro   0x000080fa       0xfb ./debug/logger.o
 .debug_macro   0x000081f5       0x1c ./debug/logger.o
 .debug_macro   0x00008211      0x120 ./debug/led.o
 .debug_macro   0x00008331       0xb7 ./debug/state.o
 .debug_macro   0x000083e8       0x76 ./debug/System.o
 .debug_macro   0x0000845e       0xec ./debug/unit_test.o
 .debug_macro   0x0000854a      0x111 ./debug/unit_test.o
 .debug_macro   0x0000865b      0x12e ./debug/systick.o
 .debug_macro   0x00008789      0x180 ./debug/i2c.o
 .debug_macro   0x00008909       0xc4 ./debug/i2c.o
 .debug_macro   0x000089cd       0x29 ./debug/startup_mkl25z4.o
 .debug_macro   0x000089f6      0xac0 ./debug/startup_mkl25z4.o
 .debug_macro   0x000094b6       0x94 ./debug/system_MKL25Z4.o
 .debug_macro   0x0000954a      0x112 ./debug/board.o
 .debug_macro   0x0000965c      0x123 ./debug/clock_config.o
 .debug_macro   0x0000977f       0x1c ./debug/clock_config.o
 .debug_macro   0x0000979b       0x1b ./debug/peripherals.o
 .debug_macro   0x000097b6       0xee ./debug/pin_mux.o
 .debug_macro   0x000098a4       0x10 ./debug/pin_mux.o
 .debug_macro   0x000098b4      0x196 ./debug/fsl_clock.o
 .debug_macro   0x00009a4a       0xef ./debug/fsl_common.o
 .debug_macro   0x00009b39       0xec ./debug/fsl_lpsci.o
 .debug_macro   0x00009c25       0xf2 ./debug/fsl_uart.o
 .debug_macro   0x00009d17      0x127 ./debug/fsl_debug_console.o
 .debug_macro   0x00009e3e       0x16 ./debug/fsl_debug_console.o
 .debug_macro   0x00009e54       0x10 ./debug/fsl_debug_console.o
 .debug_macro   0x00009e64       0x28 ./debug/fsl_debug_console.o
 .debug_macro   0x00009e8c       0x10 ./debug/fsl_debug_console.o
 .debug_macro   0x00009e9c       0x10 ./debug/fsl_debug_console.o

.debug_line     0x00000000     0x6b27
 .debug_line    0x00000000      0x407 ./debug/PES_Project_4.o
 .debug_line    0x00000407      0x34a ./debug/logger.o
 .debug_line    0x00000751      0x391 ./debug/led.o
 .debug_line    0x00000ae2      0x3d8 ./debug/state.o
 .debug_line    0x00000eba      0x252 ./debug/System.o
 .debug_line    0x0000110c      0x6e3 ./debug/unit_test.o
 .debug_line    0x000017ef      0x377 ./debug/systick.o
 .debug_line    0x00001b66      0x4c7 ./debug/i2c.o
 .debug_line    0x0000202d      0x1e4 ./debug/startup_mkl25z4.o
 .debug_line    0x00002211      0x33c ./debug/system_MKL25Z4.o
 .debug_line    0x0000254d      0x2d7 ./debug/board.o
 .debug_line    0x00002824      0x36a ./debug/clock_config.o
 .debug_line    0x00002b8e       0x59 ./debug/peripherals.o
 .debug_line    0x00002be7      0x2f8 ./debug/pin_mux.o
 .debug_line    0x00002edf     0x12ab ./debug/fsl_clock.o
 .debug_line    0x0000418a      0x347 ./debug/fsl_common.o
 .debug_line    0x000044d1      0xd2c ./debug/fsl_lpsci.o
 .debug_line    0x000051fd      0xd1b ./debug/fsl_uart.o
 .debug_line    0x00005f18      0xc0f ./debug/fsl_debug_console.o

.debug_str      0x00000000    0x37362
 .debug_str     0x00000000    0x31fb7 ./debug/PES_Project_4.o
                              0x32235 (size before relaxing)
 .debug_str     0x00031fb7       0xf2 ./debug/logger.o
                              0x306d2 (size before relaxing)
 .debug_str     0x000320a9       0x8c ./debug/led.o
                              0x316a6 (size before relaxing)
 .debug_str     0x00032135       0x4a ./debug/state.o
                              0x29262 (size before relaxing)
 .debug_str     0x0003217f       0x97 ./debug/System.o
                               0x4a16 (size before relaxing)
 .debug_str     0x00032216     0x118c ./debug/unit_test.o
                              0x2a593 (size before relaxing)
 .debug_str     0x000333a2       0x94 ./debug/systick.o
                              0x31beb (size before relaxing)
 .debug_str     0x00033436      0x7b2 ./debug/i2c.o
                              0x32546 (size before relaxing)
 .debug_str     0x00033be8      0x3bd ./debug/startup_mkl25z4.o
                               0x3220 (size before relaxing)
 .debug_str     0x00033fa5       0x6a ./debug/system_MKL25Z4.o
                              0x2fc91 (size before relaxing)
 .debug_str     0x0003400f       0x49 ./debug/board.o
                              0x31423 (size before relaxing)
 .debug_str     0x00034058      0x3a0 ./debug/clock_config.o
                              0x31255 (size before relaxing)
 .debug_str     0x000343f8       0x2e ./debug/peripherals.o
                               0x2e2a (size before relaxing)
 .debug_str     0x00034426      0x319 ./debug/pin_mux.o
                              0x30b69 (size before relaxing)
 .debug_str     0x0003473f     0x1325 ./debug/fsl_clock.o
                              0x32327 (size before relaxing)
 .debug_str     0x00035a64      0x117 ./debug/fsl_common.o
                              0x308c5 (size before relaxing)
 .debug_str     0x00035b7b      0xaaa ./debug/fsl_lpsci.o
                              0x3192f (size before relaxing)
 .debug_str     0x00036625      0x93a ./debug/fsl_uart.o
                              0x31952 (size before relaxing)
 .debug_str     0x00036f5f      0x403 ./debug/fsl_debug_console.o
                              0x31784 (size before relaxing)

.comment        0x00000000       0x75
 .comment       0x00000000       0x75 ./debug/PES_Project_4.o
                                 0x76 (size before relaxing)
 .comment       0x00000075       0x76 ./debug/logger.o
 .comment       0x00000075       0x76 ./debug/led.o
 .comment       0x00000075       0x76 ./debug/state.o
 .comment       0x00000075       0x76 ./debug/System.o
 .comment       0x00000075       0x76 ./debug/unit_test.o
 .comment       0x00000075       0x76 ./debug/systick.o
 .comment       0x00000075       0x76 ./debug/i2c.o
 .comment       0x00000075       0x76 ./debug/startup_mkl25z4.o
 .comment       0x00000075       0x76 ./debug/system_MKL25Z4.o
 .comment       0x00000075       0x76 ./debug/board.o
 .comment       0x00000075       0x76 ./debug/clock_config.o
 .comment       0x00000075       0x76 ./debug/peripherals.o
 .comment       0x00000075       0x76 ./debug/pin_mux.o
 .comment       0x00000075       0x76 ./debug/fsl_clock.o
 .comment       0x00000075       0x76 ./debug/fsl_common.o
 .comment       0x00000075       0x76 ./debug/fsl_lpsci.o
 .comment       0x00000075       0x76 ./debug/fsl_uart.o
 .comment       0x00000075       0x76 ./debug/fsl_debug_console.o
 .comment       0x00000075       0x76 c:/nxp/mcuxpressoide_11.0.0_2516/ide/plugins/com.nxp.mcuxpresso.tools.win32_11.0.0.201905131304/tools/bin/../lib/gcc/arm-none-eabi/8.2.1/../../../../arm-none-eabi/lib/thumb/v6-m/nofp\libcr_semihost_nf.a(_cr__main.o)
 .comment       0x00000075       0x76 c:/nxp/mcuxpressoide_11.0.0_2516/ide/plugins/com.nxp.mcuxpresso.tools.win32_11.0.0.201905131304/tools/bin/../lib/gcc/arm-none-eabi/8.2.1/../../../../arm-none-eabi/lib/thumb/v6-m/nofp\libcr_c.a(memset.o)
 .comment       0x00000075       0x76 c:/nxp/mcuxpressoide_11.0.0_2516/ide/plugins/com.nxp.mcuxpresso.tools.win32_11.0.0.201905131304/tools/bin/../lib/gcc/arm-none-eabi/8.2.1/../../../../arm-none-eabi/lib/thumb/v6-m/nofp\libcr_c.a(initio.o)
 .comment       0x00000075       0x76 c:/nxp/mcuxpressoide_11.0.0_2516/ide/plugins/com.nxp.mcuxpresso.tools.win32_11.0.0.201905131304/tools/bin/../lib/gcc/arm-none-eabi/8.2.1/../../../../arm-none-eabi/lib/thumb/v6-m/nofp\libcr_c.a(setvbuf.o)
 .comment       0x00000075       0x76 c:/nxp/mcuxpressoide_11.0.0_2516/ide/plugins/com.nxp.mcuxpresso.tools.win32_11.0.0.201905131304/tools/bin/../lib/gcc/arm-none-eabi/8.2.1/../../../../arm-none-eabi/lib/thumb/v6-m/nofp\libcr_c.a(strlen.o)
 .comment       0x00000075       0x76 c:/nxp/mcuxpressoide_11.0.0_2516/ide/plugins/com.nxp.mcuxpresso.tools.win32_11.0.0.201905131304/tools/bin/../lib/gcc/arm-none-eabi/8.2.1/../../../../arm-none-eabi/lib/thumb/v6-m/nofp\libcr_c.a(_fdopen.o)
 .comment       0x00000075       0x76 c:/nxp/mcuxpressoide_11.0.0_2516/ide/plugins/com.nxp.mcuxpresso.tools.win32_11.0.0.201905131304/tools/bin/../lib/gcc/arm-none-eabi/8.2.1/../../../../arm-none-eabi/lib/thumb/v6-m/nofp\libcr_c.a(fclose.o)
 .comment       0x00000075       0x76 c:/nxp/mcuxpressoide_11.0.0_2516/ide/plugins/com.nxp.mcuxpresso.tools.win32_11.0.0.201905131304/tools/bin/../lib/gcc/arm-none-eabi/8.2.1/../../../../arm-none-eabi/lib/thumb/v6-m/nofp\libcr_c.a(fflush.o)
 .comment       0x00000075       0x76 c:/nxp/mcuxpressoide_11.0.0_2516/ide/plugins/com.nxp.mcuxpresso.tools.win32_11.0.0.201905131304/tools/bin/../lib/gcc/arm-none-eabi/8.2.1/../../../../arm-none-eabi/lib/thumb/v6-m/nofp\libcr_c.a(fseek.o)
 .comment       0x00000075       0x76 c:/nxp/mcuxpressoide_11.0.0_2516/ide/plugins/com.nxp.mcuxpresso.tools.win32_11.0.0.201905131304/tools/bin/../lib/gcc/arm-none-eabi/8.2.1/../../../../arm-none-eabi/lib/thumb/v6-m/nofp\libcr_c.a(ftell.o)
 .comment       0x00000075       0x76 c:/nxp/mcuxpressoide_11.0.0_2516/ide/plugins/com.nxp.mcuxpresso.tools.win32_11.0.0.201905131304/tools/bin/../lib/gcc/arm-none-eabi/8.2.1/../../../../arm-none-eabi/lib/thumb/v6-m/nofp\libcr_c.a(remove.o)
 .comment       0x00000075       0x76 c:/nxp/mcuxpressoide_11.0.0_2516/ide/plugins/com.nxp.mcuxpresso.tools.win32_11.0.0.201905131304/tools/bin/../lib/gcc/arm-none-eabi/8.2.1/../../../../arm-none-eabi/lib/thumb/v6-m/nofp\libcr_c.a(_do_fflush.o)
 .comment       0x00000075       0x76 c:/nxp/mcuxpressoide_11.0.0_2516/ide/plugins/com.nxp.mcuxpresso.tools.win32_11.0.0.201905131304/tools/bin/../lib/gcc/arm-none-eabi/8.2.1/../../../../arm-none-eabi/lib/thumb/v6-m/nofp\libcr_c.a(_fflush.o)
 .comment       0x00000075       0x76 c:/nxp/mcuxpressoide_11.0.0_2516/ide/plugins/com.nxp.mcuxpresso.tools.win32_11.0.0.201905131304/tools/bin/../lib/gcc/arm-none-eabi/8.2.1/../../../../arm-none-eabi/lib/thumb/v6-m/nofp\libcr_c.a(_writebuf.o)
 .comment       0x00000075       0x76 c:/nxp/mcuxpressoide_11.0.0_2516/ide/plugins/com.nxp.mcuxpresso.tools.win32_11.0.0.201905131304/tools/bin/../lib/gcc/arm-none-eabi/8.2.1/../../../../arm-none-eabi/lib/thumb/v6-m/nofp\libcr_c.a(alloc.o)
 .comment       0x00000075       0x76 c:/nxp/mcuxpressoide_11.0.0_2516/ide/plugins/com.nxp.mcuxpresso.tools.win32_11.0.0.201905131304/tools/bin/../lib/gcc/arm-none-eabi/8.2.1/../../../../arm-none-eabi/lib/thumb/v6-m/nofp\libcr_c.a(errno.o)
 .comment       0x00000075       0x76 c:/nxp/mcuxpressoide_11.0.0_2516/ide/plugins/com.nxp.mcuxpresso.tools.win32_11.0.0.201905131304/tools/bin/../lib/gcc/arm-none-eabi/8.2.1/../../../../arm-none-eabi/lib/thumb/v6-m/nofp\libcr_c.a(_deferredlazyseek.o)
 .comment       0x00000075       0x76 c:/nxp/mcuxpressoide_11.0.0_2516/ide/plugins/com.nxp.mcuxpresso.tools.win32_11.0.0.201905131304/tools/bin/../lib/gcc/arm-none-eabi/8.2.1/thumb/v6-m/nofp\libcr_eabihelpers.a(double.o)
 .comment       0x00000075       0x76 c:/nxp/mcuxpressoide_11.0.0_2516/ide/plugins/com.nxp.mcuxpresso.tools.win32_11.0.0.201905131304/tools/bin/../lib/gcc/arm-none-eabi/8.2.1/../../../../arm-none-eabi/lib/thumb/v6-m/nofp\libcr_semihost_nf.a(__ciob.o)

.ARM.attributes
                0x00000000       0x2a
 .ARM.attributes
                0x00000000       0x2c ./debug/PES_Project_4.o
 .ARM.attributes
                0x0000002c       0x2c ./debug/logger.o
 .ARM.attributes
                0x00000058       0x2c ./debug/led.o
 .ARM.attributes
                0x00000084       0x2c ./debug/state.o
 .ARM.attributes
                0x000000b0       0x2c ./debug/System.o
 .ARM.attributes
                0x000000dc       0x2c ./debug/unit_test.o
 .ARM.attributes
                0x00000108       0x2c ./debug/systick.o
 .ARM.attributes
                0x00000134       0x2c ./debug/i2c.o
 .ARM.attributes
                0x00000160       0x2c ./debug/startup_mkl25z4.o
 .ARM.attributes
                0x0000018c       0x2c ./debug/system_MKL25Z4.o
 .ARM.attributes
                0x000001b8       0x2c ./debug/board.o
 .ARM.attributes
                0x000001e4       0x2c ./debug/clock_config.o
 .ARM.attributes
                0x00000210       0x2c ./debug/peripherals.o
 .ARM.attributes
                0x0000023c       0x2c ./debug/pin_mux.o
 .ARM.attributes
                0x00000268       0x2c ./debug/fsl_clock.o
 .ARM.attributes
                0x00000294       0x2c ./debug/fsl_common.o
 .ARM.attributes
                0x000002c0       0x2c ./debug/fsl_lpsci.o
 .ARM.attributes
                0x000002ec       0x2c ./debug/fsl_uart.o
 .ARM.attributes
                0x00000318       0x2c ./debug/fsl_debug_console.o
 .ARM.attributes
                0x00000344       0x2c c:/nxp/mcuxpressoide_11.0.0_2516/ide/plugins/com.nxp.mcuxpresso.tools.win32_11.0.0.201905131304/tools/bin/../lib/gcc/arm-none-eabi/8.2.1/../../../../arm-none-eabi/lib/thumb/v6-m/nofp\libcr_semihost_nf.a(_cr__main.o)
 .ARM.attributes
                0x00000370       0x2c c:/nxp/mcuxpressoide_11.0.0_2516/ide/plugins/com.nxp.mcuxpresso.tools.win32_11.0.0.201905131304/tools/bin/../lib/gcc/arm-none-eabi/8.2.1/../../../../arm-none-eabi/lib/thumb/v6-m/nofp\libcr_c.a(memset.o)
 .ARM.attributes
                0x0000039c       0x2c c:/nxp/mcuxpressoide_11.0.0_2516/ide/plugins/com.nxp.mcuxpresso.tools.win32_11.0.0.201905131304/tools/bin/../lib/gcc/arm-none-eabi/8.2.1/../../../../arm-none-eabi/lib/thumb/v6-m/nofp\libcr_c.a(initio.o)
 .ARM.attributes
                0x000003c8       0x2c c:/nxp/mcuxpressoide_11.0.0_2516/ide/plugins/com.nxp.mcuxpresso.tools.win32_11.0.0.201905131304/tools/bin/../lib/gcc/arm-none-eabi/8.2.1/../../../../arm-none-eabi/lib/thumb/v6-m/nofp\libcr_c.a(setvbuf.o)
 .ARM.attributes
                0x000003f4       0x2c c:/nxp/mcuxpressoide_11.0.0_2516/ide/plugins/com.nxp.mcuxpresso.tools.win32_11.0.0.201905131304/tools/bin/../lib/gcc/arm-none-eabi/8.2.1/../../../../arm-none-eabi/lib/thumb/v6-m/nofp\libcr_c.a(strlen.o)
 .ARM.attributes
                0x00000420       0x2c c:/nxp/mcuxpressoide_11.0.0_2516/ide/plugins/com.nxp.mcuxpresso.tools.win32_11.0.0.201905131304/tools/bin/../lib/gcc/arm-none-eabi/8.2.1/../../../../arm-none-eabi/lib/thumb/v6-m/nofp\libcr_c.a(_fdopen.o)
 .ARM.attributes
                0x0000044c       0x2c c:/nxp/mcuxpressoide_11.0.0_2516/ide/plugins/com.nxp.mcuxpresso.tools.win32_11.0.0.201905131304/tools/bin/../lib/gcc/arm-none-eabi/8.2.1/../../../../arm-none-eabi/lib/thumb/v6-m/nofp\libcr_c.a(fclose.o)
 .ARM.attributes
                0x00000478       0x2c c:/nxp/mcuxpressoide_11.0.0_2516/ide/plugins/com.nxp.mcuxpresso.tools.win32_11.0.0.201905131304/tools/bin/../lib/gcc/arm-none-eabi/8.2.1/../../../../arm-none-eabi/lib/thumb/v6-m/nofp\libcr_c.a(fflush.o)
 .ARM.attributes
                0x000004a4       0x2c c:/nxp/mcuxpressoide_11.0.0_2516/ide/plugins/com.nxp.mcuxpresso.tools.win32_11.0.0.201905131304/tools/bin/../lib/gcc/arm-none-eabi/8.2.1/../../../../arm-none-eabi/lib/thumb/v6-m/nofp\libcr_c.a(fseek.o)
 .ARM.attributes
                0x000004d0       0x2c c:/nxp/mcuxpressoide_11.0.0_2516/ide/plugins/com.nxp.mcuxpresso.tools.win32_11.0.0.201905131304/tools/bin/../lib/gcc/arm-none-eabi/8.2.1/../../../../arm-none-eabi/lib/thumb/v6-m/nofp\libcr_c.a(ftell.o)
 .ARM.attributes
                0x000004fc       0x2c c:/nxp/mcuxpressoide_11.0.0_2516/ide/plugins/com.nxp.mcuxpresso.tools.win32_11.0.0.201905131304/tools/bin/../lib/gcc/arm-none-eabi/8.2.1/../../../../arm-none-eabi/lib/thumb/v6-m/nofp\libcr_c.a(remove.o)
 .ARM.attributes
                0x00000528       0x2c c:/nxp/mcuxpressoide_11.0.0_2516/ide/plugins/com.nxp.mcuxpresso.tools.win32_11.0.0.201905131304/tools/bin/../lib/gcc/arm-none-eabi/8.2.1/../../../../arm-none-eabi/lib/thumb/v6-m/nofp\libcr_c.a(_do_fflush.o)
 .ARM.attributes
                0x00000554       0x2c c:/nxp/mcuxpressoide_11.0.0_2516/ide/plugins/com.nxp.mcuxpresso.tools.win32_11.0.0.201905131304/tools/bin/../lib/gcc/arm-none-eabi/8.2.1/../../../../arm-none-eabi/lib/thumb/v6-m/nofp\libcr_c.a(_fflush.o)
 .ARM.attributes
                0x00000580       0x2c c:/nxp/mcuxpressoide_11.0.0_2516/ide/plugins/com.nxp.mcuxpresso.tools.win32_11.0.0.201905131304/tools/bin/../lib/gcc/arm-none-eabi/8.2.1/../../../../arm-none-eabi/lib/thumb/v6-m/nofp\libcr_c.a(_writebuf.o)
 .ARM.attributes
                0x000005ac       0x2c c:/nxp/mcuxpressoide_11.0.0_2516/ide/plugins/com.nxp.mcuxpresso.tools.win32_11.0.0.201905131304/tools/bin/../lib/gcc/arm-none-eabi/8.2.1/../../../../arm-none-eabi/lib/thumb/v6-m/nofp\libcr_c.a(alloc.o)
 .ARM.attributes
                0x000005d8       0x31 c:/nxp/mcuxpressoide_11.0.0_2516/ide/plugins/com.nxp.mcuxpresso.tools.win32_11.0.0.201905131304/tools/bin/../lib/gcc/arm-none-eabi/8.2.1/../../../../arm-none-eabi/lib/thumb/v6-m/nofp\libcr_c.a(errno.o)
 .ARM.attributes
                0x00000609       0x2c c:/nxp/mcuxpressoide_11.0.0_2516/ide/plugins/com.nxp.mcuxpresso.tools.win32_11.0.0.201905131304/tools/bin/../lib/gcc/arm-none-eabi/8.2.1/../../../../arm-none-eabi/lib/thumb/v6-m/nofp\libcr_c.a(_deferredlazyseek.o)
 .ARM.attributes
                0x00000635       0x1c c:/nxp/mcuxpressoide_11.0.0_2516/ide/plugins/com.nxp.mcuxpresso.tools.win32_11.0.0.201905131304/tools/bin/../lib/gcc/arm-none-eabi/8.2.1/thumb/v6-m/nofp\libcr_eabihelpers.a(division_32.o)
 .ARM.attributes
                0x00000651       0x1c c:/nxp/mcuxpressoide_11.0.0_2516/ide/plugins/com.nxp.mcuxpresso.tools.win32_11.0.0.201905131304/tools/bin/../lib/gcc/arm-none-eabi/8.2.1/thumb/v6-m/nofp\libcr_eabihelpers.a(division_idiv0.o)
 .ARM.attributes
                0x0000066d       0x2c c:/nxp/mcuxpressoide_11.0.0_2516/ide/plugins/com.nxp.mcuxpresso.tools.win32_11.0.0.201905131304/tools/bin/../lib/gcc/arm-none-eabi/8.2.1/thumb/v6-m/nofp\libcr_eabihelpers.a(double.o)
 .ARM.attributes
                0x00000699       0x1c c:/nxp/mcuxpressoide_11.0.0_2516/ide/plugins/com.nxp.mcuxpresso.tools.win32_11.0.0.201905131304/tools/bin/../lib/gcc/arm-none-eabi/8.2.1/thumb/v6-m/nofp\libcr_eabihelpers.a(llong.o)
 .ARM.attributes
                0x000006b5       0x1c c:/nxp/mcuxpressoide_11.0.0_2516/ide/plugins/com.nxp.mcuxpresso.tools.win32_11.0.0.201905131304/tools/bin/../lib/gcc/arm-none-eabi/8.2.1/thumb/v6-m/nofp\libcr_eabihelpers.a(memcpy.o)
 .ARM.attributes
                0x000006d1       0x31 c:/nxp/mcuxpressoide_11.0.0_2516/ide/plugins/com.nxp.mcuxpresso.tools.win32_11.0.0.201905131304/tools/bin/../lib/gcc/arm-none-eabi/8.2.1/../../../../arm-none-eabi/lib/thumb/v6-m/nofp\libcr_semihost_nf.a(__ciob.o)
 .ARM.attributes
                0x00000702       0x1c c:/nxp/mcuxpressoide_11.0.0_2516/ide/plugins/com.nxp.mcuxpresso.tools.win32_11.0.0.201905131304/tools/bin/../lib/gcc/arm-none-eabi/8.2.1/../../../../arm-none-eabi/lib/thumb/v6-m/nofp\libcr_semihost_nf.a(__sys_close.o)
 .ARM.attributes
                0x0000071e       0x1c c:/nxp/mcuxpressoide_11.0.0_2516/ide/plugins/com.nxp.mcuxpresso.tools.win32_11.0.0.201905131304/tools/bin/../lib/gcc/arm-none-eabi/8.2.1/../../../../arm-none-eabi/lib/thumb/v6-m/nofp\libcr_semihost_nf.a(__sys_flen.o)
 .ARM.attributes
                0x0000073a       0x1c c:/nxp/mcuxpressoide_11.0.0_2516/ide/plugins/com.nxp.mcuxpresso.tools.win32_11.0.0.201905131304/tools/bin/../lib/gcc/arm-none-eabi/8.2.1/../../../../arm-none-eabi/lib/thumb/v6-m/nofp\libcr_semihost_nf.a(__sys_istty.o)
 .ARM.attributes
                0x00000756       0x1c c:/nxp/mcuxpressoide_11.0.0_2516/ide/plugins/com.nxp.mcuxpresso.tools.win32_11.0.0.201905131304/tools/bin/../lib/gcc/arm-none-eabi/8.2.1/../../../../arm-none-eabi/lib/thumb/v6-m/nofp\libcr_semihost_nf.a(__sys_remove.o)
 .ARM.attributes
                0x00000772       0x1c c:/nxp/mcuxpressoide_11.0.0_2516/ide/plugins/com.nxp.mcuxpresso.tools.win32_11.0.0.201905131304/tools/bin/../lib/gcc/arm-none-eabi/8.2.1/../../../../arm-none-eabi/lib/thumb/v6-m/nofp\libcr_semihost_nf.a(__sys_seek.o)
 .ARM.attributes
                0x0000078e       0x1c c:/nxp/mcuxpressoide_11.0.0_2516/ide/plugins/com.nxp.mcuxpresso.tools.win32_11.0.0.201905131304/tools/bin/../lib/gcc/arm-none-eabi/8.2.1/../../../../arm-none-eabi/lib/thumb/v6-m/nofp\libcr_semihost_nf.a(__sys_tmpnam.o)
 .ARM.attributes
                0x000007aa       0x1c c:/nxp/mcuxpressoide_11.0.0_2516/ide/plugins/com.nxp.mcuxpresso.tools.win32_11.0.0.201905131304/tools/bin/../lib/gcc/arm-none-eabi/8.2.1/../../../../arm-none-eabi/lib/thumb/v6-m/nofp\libcr_semihost_nf.a(__sys_write.o)

.debug_frame    0x00000000     0x1de4
 .debug_frame   0x00000000       0xc4 ./debug/PES_Project_4.o
 .debug_frame   0x000000c4       0xb0 ./debug/logger.o
 .debug_frame   0x00000174      0x134 ./debug/led.o
 .debug_frame   0x000002a8       0xbc ./debug/state.o
 .debug_frame   0x00000364      0x100 ./debug/System.o
 .debug_frame   0x00000464       0x50 ./debug/unit_test.o
 .debug_frame   0x000004b4       0x68 ./debug/systick.o
 .debug_frame   0x0000051c       0xe8 ./debug/i2c.o
 .debug_frame   0x00000604      0x3b0 ./debug/startup_mkl25z4.o
 .debug_frame   0x000009b4       0x4c ./debug/system_MKL25Z4.o
 .debug_frame   0x00000a00       0x50 ./debug/board.o
 .debug_frame   0x00000a50      0x100 ./debug/clock_config.o
 .debug_frame   0x00000b50       0x2c ./debug/peripherals.o
 .debug_frame   0x00000b7c       0x88 ./debug/pin_mux.o
 .debug_frame   0x00000c04      0x6e0 ./debug/fsl_clock.o
 .debug_frame   0x000012e4       0x90 ./debug/fsl_common.o
 .debug_frame   0x00001374      0x418 ./debug/fsl_lpsci.o
 .debug_frame   0x0000178c      0x468 ./debug/fsl_uart.o
 .debug_frame   0x00001bf4      0x1f0 ./debug/fsl_debug_console.o
